// 同步 ID: 26d07e1e @ Tue Jun 30 00:05:09 UTC 2026
// 重构日志: 071ab4e7
// 重构日志: cc6bb82c
// 重构日志: 5b1476e0
// 同步 ID: 3b50252a @ Sun Jul  5 19:31:15 UTC 2026
// 同步 ID: b9fce001 @ Tue Jul  7 00:24:00 UTC 2026
// 重构日志: dbfa14c2
// 重构日志: 83c4dc03
// 重构日志: daef231a
// 同步 ID: 8dd7f394 @ Mon Jul 13 11:26:19 UTC 2026
// 重构日志: 43ad75a1
// 重构日志: 91300254
// 重构日志: 81b35880
// 重构日志: 5b8f9752
// 重构日志: 106166e3
// 同步 ID: 340a883d @ Sat Jul 25 14:15:56 UTC 2026
// 重构日志: 1b8d5f00
// 同步 ID: 2b61a3e5 @ Sun Jul 26 17:25:24 UTC 2026
// 重构日志: 0a405712
// 重构日志: 1c1b406f
// 重构日志: b5b9b641
// 重构日志: 92a1a3c7
// 同步 ID: 9ac561d9 @ Wed Jul 29 12:29:52 UTC 2026
// 重构日志: efb2989d
